../Drivers/CMSIS/Include/core_cm3.h:1480:22:__NVIC_SetPriorityGrouping	1
../Drivers/STM32L1xx_HAL_Driver/Inc/stm32l1xx_ll_rcc.h:590:22:LL_RCC_HSI_Enable	1
../Drivers/STM32L1xx_HAL_Driver/Inc/stm32l1xx_ll_rcc.h:610:26:LL_RCC_HSI_IsReady	2
../Drivers/STM32L1xx_HAL_Driver/Inc/stm32l1xx_ll_rcc.h:636:22:LL_RCC_HSI_SetCalibTrimming	1
../Drivers/STM32L1xx_HAL_Driver/Inc/stm32l1xx_ll_rcc.h:908:22:LL_RCC_SetSysClkSource	1
../Drivers/STM32L1xx_HAL_Driver/Inc/stm32l1xx_ll_rcc.h:922:26:LL_RCC_GetSysClkSource	1
../Drivers/STM32L1xx_HAL_Driver/Inc/stm32l1xx_ll_rcc.h:942:22:LL_RCC_SetAHBPrescaler	1
../Drivers/STM32L1xx_HAL_Driver/Inc/stm32l1xx_ll_rcc.h:958:22:LL_RCC_SetAPB1Prescaler	1
../Drivers/STM32L1xx_HAL_Driver/Inc/stm32l1xx_ll_rcc.h:974:22:LL_RCC_SetAPB2Prescaler	1
../Drivers/STM32L1xx_HAL_Driver/Inc/stm32l1xx_ll_rcc.h:1167:22:LL_RCC_PLL_Enable	1
../Drivers/STM32L1xx_HAL_Driver/Inc/stm32l1xx_ll_rcc.h:1188:26:LL_RCC_PLL_IsReady	2
../Drivers/STM32L1xx_HAL_Driver/Inc/stm32l1xx_ll_rcc.h:1217:22:LL_RCC_PLL_ConfigDomain_SYS	1
../Drivers/STM32L1xx_HAL_Driver/Inc/stm32l1xx_ll_bus.h:214:22:LL_AHB1_GRP1_EnableClock	1
../Drivers/STM32L1xx_HAL_Driver/Inc/stm32l1xx_ll_bus.h:529:22:LL_APB1_GRP1_EnableClock	1
../Drivers/STM32L1xx_HAL_Driver/Inc/stm32l1xx_ll_bus.h:893:22:LL_APB2_GRP1_EnableClock	1
../Drivers/STM32L1xx_HAL_Driver/Inc/stm32l1xx_ll_system.h:622:22:LL_SYSCFG_SetEXTISource	1
../Drivers/STM32L1xx_HAL_Driver/Inc/stm32l1xx_ll_system.h:1844:22:LL_FLASH_SetLatency	1
../Drivers/STM32L1xx_HAL_Driver/Inc/stm32l1xx_ll_system.h:1856:26:LL_FLASH_GetLatency	1
../Drivers/STM32L1xx_HAL_Driver/Inc/stm32l1xx_ll_system.h:1898:22:LL_FLASH_Enable64bitAccess	1
../Drivers/STM32L1xx_HAL_Driver/Inc/stm32l1xx_ll_pwr.h:271:22:LL_PWR_SetRegulVoltageScaling	1
../Drivers/STM32L1xx_HAL_Driver/Inc/stm32l1xx_ll_usart.h:410:22:LL_USART_Enable	1
../Drivers/STM32L1xx_HAL_Driver/Inc/stm32l1xx_ll_usart.h:1479:22:LL_USART_ConfigAsyncMode	1
../Drivers/STM32L1xx_HAL_Driver/Inc/stm32l1xx_ll_usart.h:2205:22:LL_USART_DisableIT_CTS	2
../Drivers/STM32L1xx_HAL_Driver/Inc/stm32l1xx_ll_gpio.h:273:22:LL_GPIO_SetPinMode	1
../Drivers/STM32L1xx_HAL_Driver/Inc/stm32l1xx_ll_gpio.h:484:22:LL_GPIO_SetPinPull	1
../Drivers/STM32L1xx_HAL_Driver/Inc/stm32l1xx_ll_gpio.h:912:22:LL_GPIO_ResetOutputPin	1
../Core/Src/main.c:65:5:main	1
../Core/Src/main.c:122:6:SystemClock_Config	5
../Core/Src/main.c:170:6:USART2_write	2
../Core/Src/main.c:177:6:delay_Ms	3
../Core/Src/main.c:184:13:MX_USART2_UART_Init	1
../Core/Src/main.c:244:13:MX_GPIO_Init	1
../Core/Src/main.c:292:6:Error_Handler	1
