Archive member included to satisfy reference by file (symbol)

D:/ST/STM32CubeIDE_1.18.0/STM32CubeIDE/plugins/com.st.stm32cube.ide.mcu.externaltools.gnu-tools-for-stm32.13.3.rel1.win32_1.0.0.202411081344/tools/bin/../lib/gcc/arm-none-eabi/13.3.1/../../../../arm-none-eabi/lib/thumb/v7-m/nofp\libc_nano.a(libc_a-exit.o)
                              D:/ST/STM32CubeIDE_1.18.0/STM32CubeIDE/plugins/com.st.stm32cube.ide.mcu.externaltools.gnu-tools-for-stm32.13.3.rel1.win32_1.0.0.202411081344/tools/bin/../lib/gcc/arm-none-eabi/13.3.1/../../../../arm-none-eabi/lib/thumb/v7-m/nofp/crt0.o (exit)
D:/ST/STM32CubeIDE_1.18.0/STM32CubeIDE/plugins/com.st.stm32cube.ide.mcu.externaltools.gnu-tools-for-stm32.13.3.rel1.win32_1.0.0.202411081344/tools/bin/../lib/gcc/arm-none-eabi/13.3.1/../../../../arm-none-eabi/lib/thumb/v7-m/nofp\libc_nano.a(libc_a-findfp.o)
                              D:/ST/STM32CubeIDE_1.18.0/STM32CubeIDE/plugins/com.st.stm32cube.ide.mcu.externaltools.gnu-tools-for-stm32.13.3.rel1.win32_1.0.0.202411081344/tools/bin/../lib/gcc/arm-none-eabi/13.3.1/../../../../arm-none-eabi/lib/thumb/v7-m/nofp\libc_nano.a(libc_a-exit.o) (__stdio_exit_handler)
D:/ST/STM32CubeIDE_1.18.0/STM32CubeIDE/plugins/com.st.stm32cube.ide.mcu.externaltools.gnu-tools-for-stm32.13.3.rel1.win32_1.0.0.202411081344/tools/bin/../lib/gcc/arm-none-eabi/13.3.1/../../../../arm-none-eabi/lib/thumb/v7-m/nofp\libc_nano.a(libc_a-fwalk.o)
                              D:/ST/STM32CubeIDE_1.18.0/STM32CubeIDE/plugins/com.st.stm32cube.ide.mcu.externaltools.gnu-tools-for-stm32.13.3.rel1.win32_1.0.0.202411081344/tools/bin/../lib/gcc/arm-none-eabi/13.3.1/../../../../arm-none-eabi/lib/thumb/v7-m/nofp\libc_nano.a(libc_a-findfp.o) (_fwalk_sglue)
D:/ST/STM32CubeIDE_1.18.0/STM32CubeIDE/plugins/com.st.stm32cube.ide.mcu.externaltools.gnu-tools-for-stm32.13.3.rel1.win32_1.0.0.202411081344/tools/bin/../lib/gcc/arm-none-eabi/13.3.1/../../../../arm-none-eabi/lib/thumb/v7-m/nofp\libc_nano.a(libc_a-stdio.o)
                              D:/ST/STM32CubeIDE_1.18.0/STM32CubeIDE/plugins/com.st.stm32cube.ide.mcu.externaltools.gnu-tools-for-stm32.13.3.rel1.win32_1.0.0.202411081344/tools/bin/../lib/gcc/arm-none-eabi/13.3.1/../../../../arm-none-eabi/lib/thumb/v7-m/nofp\libc_nano.a(libc_a-findfp.o) (__sread)
D:/ST/STM32CubeIDE_1.18.0/STM32CubeIDE/plugins/com.st.stm32cube.ide.mcu.externaltools.gnu-tools-for-stm32.13.3.rel1.win32_1.0.0.202411081344/tools/bin/../lib/gcc/arm-none-eabi/13.3.1/../../../../arm-none-eabi/lib/thumb/v7-m/nofp\libc_nano.a(libc_a-memset.o)
                              D:/ST/STM32CubeIDE_1.18.0/STM32CubeIDE/plugins/com.st.stm32cube.ide.mcu.externaltools.gnu-tools-for-stm32.13.3.rel1.win32_1.0.0.202411081344/tools/bin/../lib/gcc/arm-none-eabi/13.3.1/../../../../arm-none-eabi/lib/thumb/v7-m/nofp/crt0.o (memset)
D:/ST/STM32CubeIDE_1.18.0/STM32CubeIDE/plugins/com.st.stm32cube.ide.mcu.externaltools.gnu-tools-for-stm32.13.3.rel1.win32_1.0.0.202411081344/tools/bin/../lib/gcc/arm-none-eabi/13.3.1/../../../../arm-none-eabi/lib/thumb/v7-m/nofp\libc_nano.a(libc_a-closer.o)
                              D:/ST/STM32CubeIDE_1.18.0/STM32CubeIDE/plugins/com.st.stm32cube.ide.mcu.externaltools.gnu-tools-for-stm32.13.3.rel1.win32_1.0.0.202411081344/tools/bin/../lib/gcc/arm-none-eabi/13.3.1/../../../../arm-none-eabi/lib/thumb/v7-m/nofp\libc_nano.a(libc_a-stdio.o) (_close_r)
D:/ST/STM32CubeIDE_1.18.0/STM32CubeIDE/plugins/com.st.stm32cube.ide.mcu.externaltools.gnu-tools-for-stm32.13.3.rel1.win32_1.0.0.202411081344/tools/bin/../lib/gcc/arm-none-eabi/13.3.1/../../../../arm-none-eabi/lib/thumb/v7-m/nofp\libc_nano.a(libc_a-reent.o)
                              D:/ST/STM32CubeIDE_1.18.0/STM32CubeIDE/plugins/com.st.stm32cube.ide.mcu.externaltools.gnu-tools-for-stm32.13.3.rel1.win32_1.0.0.202411081344/tools/bin/../lib/gcc/arm-none-eabi/13.3.1/../../../../arm-none-eabi/lib/thumb/v7-m/nofp\libc_nano.a(libc_a-closer.o) (errno)
D:/ST/STM32CubeIDE_1.18.0/STM32CubeIDE/plugins/com.st.stm32cube.ide.mcu.externaltools.gnu-tools-for-stm32.13.3.rel1.win32_1.0.0.202411081344/tools/bin/../lib/gcc/arm-none-eabi/13.3.1/../../../../arm-none-eabi/lib/thumb/v7-m/nofp\libc_nano.a(libc_a-impure.o)
                              D:/ST/STM32CubeIDE_1.18.0/STM32CubeIDE/plugins/com.st.stm32cube.ide.mcu.externaltools.gnu-tools-for-stm32.13.3.rel1.win32_1.0.0.202411081344/tools/bin/../lib/gcc/arm-none-eabi/13.3.1/../../../../arm-none-eabi/lib/thumb/v7-m/nofp\libc_nano.a(libc_a-reent.o) (_impure_ptr)
D:/ST/STM32CubeIDE_1.18.0/STM32CubeIDE/plugins/com.st.stm32cube.ide.mcu.externaltools.gnu-tools-for-stm32.13.3.rel1.win32_1.0.0.202411081344/tools/bin/../lib/gcc/arm-none-eabi/13.3.1/../../../../arm-none-eabi/lib/thumb/v7-m/nofp\libc_nano.a(libc_a-lseekr.o)
[...]
Memory Configuration

Name             Origin             Length             Attributes
RAM              0x20000000         0x00014000         xrw
FLASH            0x08000000         0x00080000         xr
*default*        0x00000000         0xffffffff

Linker script and memory map

LOAD D:/ST/STM32CubeIDE_1.18.0/STM32CubeIDE/plugins/com.st.stm32cube.ide.mcu.externaltools.gnu-tools-for-stm32.13.3.rel1.win32_1.0.0.202411081344/tools/bin/../lib/gcc/arm-none-eabi/13.3.1/thumb/v7-m/nofp/crti.o
LOAD D:/ST/STM32CubeIDE_1.18.0/STM32CubeIDE/plugins/com.st.stm32cube.ide.mcu.externaltools.gnu-tools-for-stm32.13.3.rel1.win32_1.0.0.202411081344/tools/bin/../lib/gcc/arm-none-eabi/13.3.1/thumb/v7-m/nofp/crtbegin.o
LOAD D:/ST/STM32CubeIDE_1.18.0/STM32CubeIDE/plugins/com.st.stm32cube.ide.mcu.externaltools.gnu-tools-for-stm32.13.3.rel1.win32_1.0.0.202411081344/tools/bin/../lib/gcc/arm-none-eabi/13.3.1/../../../../arm-none-eabi/lib/thumb/v7-m/nofp/crt0.o
LOAD ./Core/Src/main.o
LOAD ./Core/Src/stm32l1xx_it.o
LOAD ./Core/Src/syscalls.o
LOAD ./Core/Src/sysmem.o
LOAD ./Core/Src/system_stm32l1xx.o
LOAD ./Core/Startup/startup_stm32l152retx.o
LOAD ./Drivers/STM32L1xx_HAL_Driver/Src/stm32l1xx_ll_dma.o
LOAD ./Drivers/STM32L1xx_HAL_Driver/Src/stm32l1xx_ll_exti.o
LOAD ./Drivers/STM32L1xx_HAL_Driver/Src/stm32l1xx_ll_gpio.o
LOAD ./Drivers/STM32L1xx_HAL_Driver/Src/stm32l1xx_ll_pwr.o
LOAD ./Drivers/STM32L1xx_HAL_Driver/Src/stm32l1xx_ll_rcc.o
LOAD ./Drivers/STM32L1xx_HAL_Driver/Src/stm32l1xx_ll_usart.o
LOAD ./Drivers/STM32L1xx_HAL_Driver/Src/stm32l1xx_ll_utils.o
START GROUP
LOAD D:/ST/STM32CubeIDE_1.18.0/STM32CubeIDE/plugins/com.st.stm32cube.ide.mcu.externaltools.gnu-tools-for-stm32.13.3.rel1.win32_1.0.0.202411081344/tools/bin/../lib/gcc/arm-none-eabi/13.3.1/../../../../arm-none-eabi/lib/thumb/v7-m/nofp\libc_nano.a
LOAD D:/ST/STM32CubeIDE_1.18.0/STM32CubeIDE/plugins/com.st.stm32cube.ide.mcu.externaltools.gnu-tools-for-stm32.13.3.rel1.win32_1.0.0.202411081344/tools/bin/../lib/gcc/arm-none-eabi/13.3.1/../../../../arm-none-eabi/lib/thumb/v7-m/nofp\libm.a
END GROUP
START GROUP
LOAD D:/ST/STM32CubeIDE_1.18.0/STM32CubeIDE/plugins/com.st.stm32cube.ide.mcu.externaltools.gnu-tools-for-stm32.13.3.rel1.win32_1.0.0.202411081344/tools/bin/../lib/gcc/arm-none-eabi/13.3.1/thumb/v7-m/nofp\libgcc.a
LOAD D:/ST/STM32CubeIDE_1.18.0/STM32CubeIDE/plugins/com.st.stm32cube.ide.mcu.externaltools.gnu-tools-for-stm32.13.3.rel1.win32_1.0.0.202411081344/tools/bin/../lib/gcc/arm-none-eabi/13.3.1/../../../../arm-none-eabi/lib/thumb/v7-m/nofp\libc_nano.a
END GROUP
START GROUP
LOAD D:/ST/STM32CubeIDE_1.18.0/STM32CubeIDE/plugins/com.st.stm32cube.ide.mcu.externaltools.gnu-tools-for-stm32.13.3.rel1.win32_1.0.0.202411081344/tools/bin/../lib/gcc/arm-none-eabi/13.3.1/thumb/v7-m/nofp\libgcc.a
LOAD D:/ST/STM32CubeIDE_1.18.0/STM32CubeIDE/plugins/com.st.stm32cube.ide.mcu.externaltools.gnu-tools-for-stm32.13.3.rel1.win32_1.0.0.202411081344/tools/bin/../lib/gcc/arm-none-eabi/13.3.1/../../../../arm-none-eabi/lib/thumb/v7-m/nofp\libc_nano.a
LOAD D:/ST/STM32CubeIDE_1.18.0/STM32CubeIDE/plugins/com.st.stm32cube.ide.mcu.externaltools.gnu-tools-for-stm32.13.3.rel1.win32_1.0.0.202411081344/tools/bin/../lib/gcc/arm-none-eabi/13.3.1/../../../../arm-none-eabi/lib/thumb/v7-m/nofp\libnosys.a
END GROUP
START GROUP
LOAD D:/ST/STM32CubeIDE_1.18.0/STM32CubeIDE/plugins/com.st.stm32cube.ide.mcu.externaltools.gnu-tools-for-stm32.13.3.rel1.win32_1.0.0.202411081344/tools/bin/../lib/gcc/arm-none-eabi/13.3.1/thumb/v7-m/nofp\libgcc.a
LOAD D:/ST/STM32CubeIDE_1.18.0/STM32CubeIDE/plugins/com.st.stm32cube.ide.mcu.externaltools.gnu-tools-for-stm32.13.3.rel1.win32_1.0.0.202411081344/tools/bin/../lib/gcc/arm-none-eabi/13.3.1/../../../../arm-none-eabi/lib/thumb/v7-m/nofp\libc_nano.a
LOAD D:/ST/STM32CubeIDE_1.18.0/STM32CubeIDE/plugins/com.st.stm32cube.ide.mcu.externaltools.gnu-tools-for-stm32.13.3.rel1.win32_1.0.0.202411081344/tools/bin/../lib/gcc/arm-none-eabi/13.3.1/../../../../arm-none-eabi/lib/thumb/v7-m/nofp\libnosys.a
END GROUP
LOAD D:/ST/STM32CubeIDE_1.18.0/STM32CubeIDE/plugins/com.st.stm32cube.ide.mcu.externaltools.gnu-tools-for-stm32.13.3.rel1.win32_1.0.0.202411081344/tools/bin/../lib/gcc/arm-none-eabi/13.3.1/thumb/v7-m/nofp/crtend.o
LOAD D:/ST/STM32CubeIDE_1.18.0/STM32CubeIDE/plugins/com.st.stm32cube.ide.mcu.externaltools.gnu-tools-for-stm32.13.3.rel1.win32_1.0.0.202411081344/tools/bin/../lib/gcc/arm-none-eabi/13.3.1/thumb/v7-m/nofp/crtn.o
                0x20014000                        _estack = (ORIGIN (RAM) + LENGTH (RAM))
                0x00000200                        _Min_Heap_Size = 0x200
                0x00000400                        _Min_Stack_Size = 0x400

.isr_vector     0x08000000      0x13c
                0x08000000                        . = ALIGN (0x4)
 *(.isr_vector)
 .isr_vector    0x08000000      0x13c ./Core/Startup/startup_stm32l152retx.o
                0x08000000                g_pfnVectors
                0x0800013c                        . = ALIGN (0x4)

.text           0x0800013c     0x1384
                0x0800013c                        . = ALIGN (0x4)
 *(.text)
 .text          0x0800013c       0x40 D:/ST/STM32CubeIDE_1.18.0/STM32CubeIDE/plugins/com.st.stm32cube.ide.mcu.externaltools.gnu-tools-for-stm32.13.3.rel1.win32_1.0.0.202411081344/tools/bin/../lib/gcc/arm-none-eabi/13.3.1/thumb/v7-m/nofp/crtbegin.o
 *(.text*)
 .text.__NVIC_SetPriorityGrouping
                0x0800017c       0x48 ./Core/Src/main.o
 .text.LL_RCC_HSI_Enable
                0x080001c4       0x1c ./Core/Src/main.o
 .text.LL_RCC_HSI_IsReady
                0x080001e0       0x24 ./Core/Src/main.o
 .text.LL_RCC_HSI_SetCalibTrimming
                0x08000204       0x28 ./Core/Src/main.o
 .text.LL_RCC_SetSysClkSource
                0x0800022c       0x28 ./Core/Src/main.o
 .text.LL_RCC_GetSysClkSource
                0x08000254       0x18 ./Core/Src/main.o
 .text.LL_RCC_SetAHBPrescaler
                0x0800026c       0x28 ./Core/Src/main.o
 .text.LL_RCC_SetAPB1Prescaler
                0x08000294       0x28 ./Core/Src/main.o
 .text.LL_RCC_SetAPB2Prescaler
                0x080002bc       0x28 ./Core/Src/main.o
 .text.LL_RCC_PLL_Enable
                0x080002e4       0x1c ./Core/Src/main.o
 .text.LL_RCC_PLL_IsReady
                0x08000300       0x24 ./Core/Src/main.o
 .text.LL_RCC_PLL_ConfigDomain_SYS
                0x08000324       0x34 ./Core/Src/main.o
 .text.LL_AHB1_GRP1_EnableClock
                0x08000358       0x30 ./Core/Src/main.o
 .text.LL_APB1_GRP1_EnableClock
                0x08000388       0x30 ./Core/Src/main.o
 .text.LL_APB2_GRP1_EnableClock
                0x080003b8       0x30 ./Core/Src/main.o
 .text.LL_SYSCFG_SetEXTISource
                0x080003e8       0x60 ./Core/Src/main.o
 .text.LL_FLASH_SetLatency
                0x08000448       0x28 ./Core/Src/main.o
 .text.LL_FLASH_GetLatency
                0x08000470       0x18 ./Core/Src/main.o
 .text.LL_FLASH_Enable64bitAccess
                0x08000488       0x1c ./Core/Src/main.o
 .text.LL_PWR_SetRegulVoltageScaling
                0x080004a4       0x28 ./Core/Src/main.o
 .text.LL_USART_Enable
                0x080004cc       0x1e ./Core/Src/main.o
 .text.LL_USART_ConfigAsyncMode
                0x080004ea       0x2a ./Core/Src/main.o
 .text.LL_USART_DisableIT_CTS
                0x08000514       0x44 ./Core/Src/main.o
 .text.LL_GPIO_SetPinMode
                0x08000558       0x5c ./Core/Src/main.o
 .text.LL_GPIO_SetPinPull
                0x080005b4       0x5c ./Core/Src/main.o
 .text.LL_GPIO_ResetOutputPin
                0x08000610       0x1a ./Core/Src/main.o
 .text.main     0x0800062a       0x50 ./Core/Src/main.o
                0x0800062a                main
 *fill*         0x0800067a        0x2 
 .text.SystemClock_Config
                0x0800067c       0x90 ./Core/Src/main.o
                0x0800067c                SystemClock_Config
 .text.USART2_write
                0x0800070c       0x2c ./Core/Src/main.o
                0x0800070c                USART2_write
 .text.delay_Ms
                0x08000738       0x3c ./Core/Src/main.o
                0x08000738                delay_Ms
 .text.MX_USART2_UART_Init
                0x08000774       0xc8 ./Core/Src/main.o
 .text.MX_GPIO_Init
                0x0800083c       0xb0 ./Core/Src/main.o
 .text.NMI_Handler
                0x080008ec        0x8 ./Core/Src/stm32l1xx_it.o
                0x080008ec                NMI_Handler
 .text.HardFault_Handler
                0x080008f4        0x8 ./Core/Src/stm32l1xx_it.o
                0x080008f4                HardFault_Handler
 .text.MemManage_Handler
                0x080008fc        0x8 ./Core/Src/stm32l1xx_it.o
                0x080008fc                MemManage_Handler
 .text.BusFault_Handler
                0x08000904        0x8 ./Core/Src/stm32l1xx_it.o
                0x08000904                BusFault_Handler
 .text.UsageFault_Handler
                0x0800090c        0x8 ./Core/Src/stm32l1xx_it.o
                0x0800090c                UsageFault_Handler
 .text.SVC_Handler
                0x08000914        0xc ./Core/Src/stm32l1xx_it.o
                0x08000914                SVC_Handler
 .text.DebugMon_Handler
                0x08000920        0xc ./Core/Src/stm32l1xx_it.o
                0x08000920                DebugMon_Handler
 .text.PendSV_Handler
                0x0800092c        0xc ./Core/Src/stm32l1xx_it.o
                0x0800092c                PendSV_Handler
 .text.SysTick_Handler
                0x08000938        0xc ./Core/Src/stm32l1xx_it.o
                0x08000938                SysTick_Handler
 .text.SystemInit
                0x08000944        0xc ./Core/Src/system_stm32l1xx.o
                0x08000944                SystemInit
 .text.Reset_Handler
                0x08000950       0x48 ./Core/Startup/startup_stm32l152retx.o
                0x08000950                Reset_Handler
 .text.Default_Handler
                0x08000998        0x2 ./Core/Startup/startup_stm32l152retx.o
                0x08000998                RTC_Alarm_IRQHandler
                0x08000998                EXTI2_IRQHandler
                0x08000998                COMP_ACQ_IRQHandler
                0x08000998                TIM10_IRQHandler
                0x08000998                USB_HP_IRQHandler
                0x08000998                TIM6_IRQHandler
                0x08000998                PVD_IRQHandler
                0x08000998                EXTI3_IRQHandler
                0x08000998                EXTI0_IRQHandler
                0x08000998                I2C2_EV_IRQHandler
                0x08000998                SPI1_IRQHandler
                0x08000998                USB_FS_WKUP_IRQHandler
                0x08000998                DMA2_Channel2_IRQHandler
                0x08000998                DMA1_Channel4_IRQHandler
                0x08000998                ADC1_IRQHandler
                0x08000998                USART3_IRQHandler
                0x08000998                DMA1_Channel7_IRQHandler
                0x08000998                LCD_IRQHandler
                0x08000998                UART5_IRQHandler
                0x08000998                TIM4_IRQHandler
                0x08000998                DMA2_Channel1_IRQHandler
                0x08000998                I2C1_EV_IRQHandler
                0x08000998                DMA1_Channel6_IRQHandler
                0x08000998                UART4_IRQHandler
                0x08000998                DMA2_Channel4_IRQHandler
                0x08000998                TIM3_IRQHandler
                0x08000998                RCC_IRQHandler
                0x08000998                DMA1_Channel1_IRQHandler
                0x08000998                Default_Handler
                0x08000998                EXTI15_10_IRQHandler
                0x08000998                TIM7_IRQHandler
                0x08000998                TIM5_IRQHandler
                0x08000998                EXTI9_5_IRQHandler
                0x08000998                TIM9_IRQHandler
                0x08000998                TAMPER_STAMP_IRQHandler
                0x08000998                RTC_WKUP_IRQHandler
                0x08000998                SPI2_IRQHandler
                0x08000998                DMA2_Channel5_IRQHandler
                0x08000998                DMA1_Channel5_IRQHandler
                0x08000998                USB_LP_IRQHandler
                0x08000998                EXTI4_IRQHandler
                0x08000998                DMA1_Channel3_IRQHandler
                0x08000998                COMP_IRQHandler
                0x08000998                WWDG_IRQHandler
                0x08000998                TIM2_IRQHandler
                0x08000998                DAC_IRQHandler
                0x08000998                EXTI1_IRQHandler
                0x08000998                TIM11_IRQHandler
                0x08000998                USART2_IRQHandler
                0x08000998                I2C2_ER_IRQHandler
                0x08000998                DMA1_Channel2_IRQHandler
                0x08000998                FLASH_IRQHandler
                0x08000998                USART1_IRQHandler
                0x08000998                SPI3_IRQHandler
                0x08000998                I2C1_ER_IRQHandler
                0x08000998                DMA2_Channel3_IRQHandler
 *fill*         0x0800099a        0x2 
 .text.LL_EXTI_EnableIT_0_31
                0x0800099c       0x24 ./Drivers/STM32L1xx_HAL_Driver/Src/stm32l1xx_ll_exti.o
 .text.LL_EXTI_DisableIT_0_31
                0x080009c0       0x24 ./Drivers/STM32L1xx_HAL_Driver/Src/stm32l1xx_ll_exti.o
 .text.LL_EXTI_EnableEvent_0_31
                0x080009e4       0x24 ./Drivers/STM32L1xx_HAL_Driver/Src/stm32l1xx_ll_exti.o
 .text.LL_EXTI_DisableEvent_0_31
                0x08000a08       0x24 ./Drivers/STM32L1xx_HAL_Driver/Src/stm32l1xx_ll_exti.o
 .text.LL_EXTI_EnableRisingTrig_0_31
                0x08000a2c       0x24 ./Drivers/STM32L1xx_HAL_Driver/Src/stm32l1xx_ll_exti.o
 .text.LL_EXTI_DisableRisingTrig_0_31
                0x08000a50       0x24 ./Drivers/STM32L1xx_HAL_Driver/Src/stm32l1xx_ll_exti.o
 .text.LL_EXTI_EnableFallingTrig_0_31
                0x08000a74       0x24 ./Drivers/STM32L1xx_HAL_Driver/Src/stm32l1xx_ll_exti.o
 .text.LL_EXTI_DisableFallingTrig_0_31
                0x08000a98       0x24 ./Drivers/STM32L1xx_HAL_Driver/Src/stm32l1xx_ll_exti.o
 .text.LL_EXTI_Init
                0x08000abc       0xfe ./Drivers/STM32L1xx_HAL_Driver/Src/stm32l1xx_ll_exti.o
                0x08000abc                LL_EXTI_Init
 .text.LL_GPIO_SetPinMode
                0x08000bba       0x5c ./Drivers/STM32L1xx_HAL_Driver/Src/stm32l1xx_ll_gpio.o
 .text.LL_GPIO_SetPinOutputType
                0x08000c16       0x2e ./Drivers/STM32L1xx_HAL_Driver/Src/stm32l1xx_ll_gpio.o
 .text.LL_GPIO_SetPinSpeed
                0x08000c44       0x5c ./Drivers/STM32L1xx_HAL_Driver/Src/stm32l1xx_ll_gpio.o
 .text.LL_GPIO_SetPinPull
                0x08000ca0       0x5c ./Drivers/STM32L1xx_HAL_Driver/Src/stm32l1xx_ll_gpio.o
 .text.LL_GPIO_SetAFPin_0_7
                0x08000cfc       0x5c ./Drivers/STM32L1xx_HAL_Driver/Src/stm32l1xx_ll_gpio.o
 .text.LL_GPIO_SetAFPin_8_15
                0x08000d58       0x60 ./Drivers/STM32L1xx_HAL_Driver/Src/stm32l1xx_ll_gpio.o
 .text.LL_GPIO_Init
                0x08000db8       0xe6 ./Drivers/STM32L1xx_HAL_Driver/Src/stm32l1xx_ll_gpio.o
                0x08000db8                LL_GPIO_Init
 *fill*         0x08000e9e        0x2 
 .text.LL_RCC_MSI_GetRange
                0x08000ea0       0x18 ./Drivers/STM32L1xx_HAL_Driver/Src/stm32l1xx_ll_rcc.o
 .text.LL_RCC_GetSysClkSource
                0x08000eb8       0x18 ./Drivers/STM32L1xx_HAL_Driver/Src/stm32l1xx_ll_rcc.o
 .text.LL_RCC_GetAHBPrescaler
                0x08000ed0       0x18 ./Drivers/STM32L1xx_HAL_Driver/Src/stm32l1xx_ll_rcc.o
 .text.LL_RCC_GetAPB1Prescaler
                0x08000ee8       0x18 ./Drivers/STM32L1xx_HAL_Driver/Src/stm32l1xx_ll_rcc.o
 .text.LL_RCC_GetAPB2Prescaler
                0x08000f00       0x18 ./Drivers/STM32L1xx_HAL_Driver/Src/stm32l1xx_ll_rcc.o
 .text.LL_RCC_PLL_GetMainSource
                0x08000f18       0x18 ./Drivers/STM32L1xx_HAL_Driver/Src/stm32l1xx_ll_rcc.o
 .text.LL_RCC_PLL_GetMultiplicator
                0x08000f30       0x18 ./Drivers/STM32L1xx_HAL_Driver/Src/stm32l1xx_ll_rcc.o
 .text.LL_RCC_PLL_GetDivider
                0x08000f48       0x18 ./Drivers/STM32L1xx_HAL_Driver/Src/stm32l1xx_ll_rcc.o
 .text.LL_RCC_GetSystemClocksFreq
                0x08000f60       0x4a ./Drivers/STM32L1xx_HAL_Driver/Src/stm32l1xx_ll_rcc.o
                0x08000f60                LL_RCC_GetSystemClocksFreq
 *fill*         0x08000faa        0x2 
 .text.RCC_GetSystemClockFreq
                0x08000fac       0xa0 ./Drivers/STM32L1xx_HAL_Driver/Src/stm32l1xx_ll_rcc.o
 .text.RCC_GetHCLKClockFreq
                0x0800104c       0x2c ./Drivers/STM32L1xx_HAL_Driver/Src/stm32l1xx_ll_rcc.o
 .text.RCC_GetPCLK1ClockFreq
                0x08001078       0x28 ./Drivers/STM32L1xx_HAL_Driver/Src/stm32l1xx_ll_rcc.o
 .text.RCC_GetPCLK2ClockFreq
                0x080010a0       0x28 ./Drivers/STM32L1xx_HAL_Driver/Src/stm32l1xx_ll_rcc.o
 .text.RCC_PLL_GetFreqDomain_SYS
                0x080010c8       0x64 ./Drivers/STM32L1xx_HAL_Driver/Src/stm32l1xx_ll_rcc.o
 .text.LL_USART_IsEnabled
                0x0800112c       0x26 ./Drivers/STM32L1xx_HAL_Driver/Src/stm32l1xx_ll_usart.o
 .text.LL_USART_SetStopBitsLength
                0x08001152       0x24 ./Drivers/STM32L1xx_HAL_Driver/Src/stm32l1xx_ll_usart.o
 .text.LL_USART_SetHWFlowCtrl
                0x08001176       0x24 ./Drivers/STM32L1xx_HAL_Driver/Src/stm32l1xx_ll_usart.o
 *fill*         0x0800119a        0x2 
 .text.LL_USART_SetBaudRate
                0x0800119c      0x16c ./Drivers/STM32L1xx_HAL_Driver/Src/stm32l1xx_ll_usart.o
 .text.LL_USART_Init
                0x08001308       0xec ./Drivers/STM32L1xx_HAL_Driver/Src/stm32l1xx_ll_usart.o
                0x08001308                LL_USART_Init
 .text.LL_InitTick
                0x080013f4       0x34 ./Drivers/STM32L1xx_HAL_Driver/Src/stm32l1xx_ll_utils.o
 .text.LL_Init1msTick
                0x08001428       0x1a ./Drivers/STM32L1xx_HAL_Driver/Src/stm32l1xx_ll_utils.o
                0x08001428                LL_Init1msTick
 *fill*         0x08001442        0x2 
 .text.LL_SetSystemCoreClock
                0x08001444       0x1c ./Drivers/STM32L1xx_HAL_Driver/Src/stm32l1xx_ll_utils.o
                0x08001444                LL_SetSystemCoreClock
 .text.__libc_init_array
                0x08001460       0x48 D:/ST/STM32CubeIDE_1.18.0/STM32CubeIDE/plugins/com.st.stm32cube.ide.mcu.externaltools.gnu-tools-for-stm32.13.3.rel1.win32_1.0.0.202411081344/tools/bin/../lib/gcc/arm-none-eabi/13.3.1/../../../../arm-none-eabi/lib/thumb/v7-m/nofp\libc_nano.a(libc_a-init.o)
                0x08001460                __libc_init_array
 *(.glue_7)
 .glue_7        0x080014a8        0x0 linker stubs
 *(.glue_7t)
 .glue_7t       0x080014a8        0x0 linker stubs
 *(.eh_frame)
 .eh_frame      0x080014a8        0x0 D:/ST/STM32CubeIDE_1.18.0/STM32CubeIDE/plugins/com.st.stm32cube.ide.mcu.externaltools.gnu-tools-for-stm32.13.3.rel1.win32_1.0.0.202411081344/tools/bin/../lib/gcc/arm-none-eabi/13.3.1/thumb/v7-m/nofp/crtbegin.o
 *(.init)
 .init          0x080014a8        0x4 D:/ST/STM32CubeIDE_1.18.0/STM32CubeIDE/plugins/com.st.stm32cube.ide.mcu.externaltools.gnu-tools-for-stm32.13.3.rel1.win32_1.0.0.202411081344/tools/bin/../lib/gcc/arm-none-eabi/13.3.1/thumb/v7-m/nofp/crti.o
                0x080014a8                _init
 .init          0x080014ac        0x8 D:/ST/STM32CubeIDE_1.18.0/STM32CubeIDE/plugins/com.st.stm32cube.ide.mcu.externaltools.gnu-tools-for-stm32.13.3.rel1.win32_1.0.0.202411081344/tools/bin/../lib/gcc/arm-none-eabi/13.3.1/thumb/v7-m/nofp/crtn.o
 *(.fini)
 .fini          0x080014b4        0x4 D:/ST/STM32CubeIDE_1.18.0/STM32CubeIDE/plugins/com.st.stm32cube.ide.mcu.externaltools.gnu-tools-for-stm32.13.3.rel1.win32_1.0.0.202411081344/tools/bin/../lib/gcc/arm-none-eabi/13.3.1/thumb/v7-m/nofp/crti.o
                0x080014b4                _fini
 .fini          0x080014b8        0x8 D:/ST/STM32CubeIDE_1.18.0/STM32CubeIDE/plugins/com.st.stm32cube.ide.mcu.externaltools.gnu-tools-for-stm32.13.3.rel1.win32_1.0.0.202411081344/tools/bin/../lib/gcc/arm-none-eabi/13.3.1/thumb/v7-m/nofp/crtn.o
                0x080014c0                        . = ALIGN (0x4)
                0x080014c0                        _etext = .

.vfp11_veneer   0x080014c0        0x0
 .vfp11_veneer  0x080014c0        0x0 linker stubs

.v4_bx          0x080014c0        0x0
 .v4_bx         0x080014c0        0x0 linker stubs

.iplt           0x080014c0        0x0
 .iplt          0x080014c0        0x0 D:/ST/STM32CubeIDE_1.18.0/STM32CubeIDE/plugins/com.st.stm32cube.ide.mcu.externaltools.gnu-tools-for-stm32.13.3.rel1.win32_1.0.0.202411081344/tools/bin/../lib/gcc/arm-none-eabi/13.3.1/thumb/v7-m/nofp/crtbegin.o

.rodata         0x080014c0       0x24
                0x080014c0                        . = ALIGN (0x4)
 *(.rodata)
 *(.rodata*)
 .rodata.PLLMulTable
                0x080014c0        0x9 ./Core/Src/system_stm32l1xx.o
                0x080014c0                PLLMulTable
 *fill*         0x080014c9        0x3 
 .rodata.AHBPrescTable
                0x080014cc       0x10 ./Core/Src/system_stm32l1xx.o
                0x080014cc                AHBPrescTable
 .rodata.APBPrescTable
                0x080014dc        0x8 ./Core/Src/system_stm32l1xx.o
                0x080014dc                APBPrescTable
                0x080014e4                        . = ALIGN (0x4)

.rel.dyn        0x080014e4        0x0
 .rel.iplt      0x080014e4        0x0 D:/ST/STM32CubeIDE_1.18.0/STM32CubeIDE/plugins/com.st.stm32cube.ide.mcu.externaltools.gnu-tools-for-stm32.13.3.rel1.win32_1.0.0.202411081344/tools/bin/../lib/gcc/arm-none-eabi/13.3.1/thumb/v7-m/nofp/crtbegin.o

.ARM.extab      0x080014e4        0x0
                0x080014e4                        . = ALIGN (0x4)
 *(.ARM.extab* .gnu.linkonce.armextab.*)
                0x080014e4                        . = ALIGN (0x4)

.ARM            0x080014e4        0x0
                0x080014e4                        . = ALIGN (0x4)
                0x080014e4                        __exidx_start = .
 *(.ARM.exidx*)
                0x080014e4                        __exidx_end = .
                0x080014e4                        . = ALIGN (0x4)

.preinit_array  0x080014e4        0x0
                0x080014e4                        . = ALIGN (0x4)
                0x080014e4                        PROVIDE (__preinit_array_start = .)
 *(.preinit_array*)
                0x080014e4                        PROVIDE (__preinit_array_end = .)
                0x080014e4                        . = ALIGN (0x4)

.init_array     0x080014e4        0x4
                0x080014e4                        . = ALIGN (0x4)
                0x080014e4                        PROVIDE (__init_array_start = .)
 *(SORT_BY_NAME(.init_array.*))
 *(.init_array*)
 .init_array    0x080014e4        0x4 D:/ST/STM32CubeIDE_1.18.0/STM32CubeIDE/plugins/com.st.stm32cube.ide.mcu.externaltools.gnu-tools-for-stm32.13.3.rel1.win32_1.0.0.202411081344/tools/bin/../lib/gcc/arm-none-eabi/13.3.1/thumb/v7-m/nofp/crtbegin.o
                0x080014e8                        PROVIDE (__init_array_end = .)
                0x080014e8                        . = ALIGN (0x4)

.fini_array     0x080014e8        0x4
                0x080014e8                        . = ALIGN (0x4)
                [!provide]                        PROVIDE (__fini_array_start = .)
 *(SORT_BY_NAME(.fini_array.*))
 *(.fini_array*)
 .fini_array    0x080014e8        0x4 D:/ST/STM32CubeIDE_1.18.0/STM32CubeIDE/plugins/com.st.stm32cube.ide.mcu.externaltools.gnu-tools-for-stm32.13.3.rel1.win32_1.0.0.202411081344/tools/bin/../lib/gcc/arm-none-eabi/13.3.1/thumb/v7-m/nofp/crtbegin.o
                [!provide]                        PROVIDE (__fini_array_end = .)
                0x080014ec                        . = ALIGN (0x4)
                0x080014ec                        _sidata = LOADADDR (.data)

.data           0x20000000        0x4 load address 0x080014ec
                0x20000000                        . = ALIGN (0x4)
                0x20000000                        _sdata = .
 *(.data)
 *(.data*)
 .data.SystemCoreClock
                0x20000000        0x4 ./Core/Src/system_stm32l1xx.o
                0x20000000                SystemCoreClock
                0x20000004                        . = ALIGN (0x4)
                0x20000004                        _edata = .

.igot.plt       0x20000004        0x0 load address 0x080014f0
 .igot.plt      0x20000004        0x0 D:/ST/STM32CubeIDE_1.18.0/STM32CubeIDE/plugins/com.st.stm32cube.ide.mcu.externaltools.gnu-tools-for-stm32.13.3.rel1.win32_1.0.0.202411081344/tools/bin/../lib/gcc/arm-none-eabi/13.3.1/thumb/v7-m/nofp/crtbegin.o
                0x20000004                        . = ALIGN (0x4)

.bss            0x20000004       0x1c load address 0x080014f0
                0x20000004                        _sbss = .
                0x20000004                        __bss_start__ = _sbss
 *(.bss)
 .bss           0x20000004       0x1c D:/ST/STM32CubeIDE_1.18.0/STM32CubeIDE/plugins/com.st.stm32cube.ide.mcu.externaltools.gnu-tools-for-stm32.13.3.rel1.win32_1.0.0.202411081344/tools/bin/../lib/gcc/arm-none-eabi/13.3.1/thumb/v7-m/nofp/crtbegin.o
 *(.bss*)
 *(COMMON)
                0x20000020                        . = ALIGN (0x4)
                0x20000020                        _ebss = .
                0x20000020                        __bss_end__ = _ebss

._user_heap_stack
                0x20000020      0x600 load address 0x080014f0
                0x20000020                        . = ALIGN (0x8)
                [!provide]                        PROVIDE (end = .)
                0x20000020                        PROVIDE (_end = .)
                0x20000220                        . = (. + _Min_Heap_Size)
 *fill*         0x20000020      0x200 
                0x20000620                        . = (. + _Min_Stack_Size)
 *fill*         0x20000220      0x400 
                0x20000620                        . = ALIGN (0x8)

/DISCARD/
 libc.a(*)
 libm.a(*)
 libgcc.a(*)

.ARM.attributes
                0x00000000       0x29
 *(.ARM.attributes)
 .ARM.attributes
                0x00000000       0x1d D:/ST/STM32CubeIDE_1.18.0/STM32CubeIDE/plugins/com.st.stm32cube.ide.mcu.externaltools.gnu-tools-for-stm32.13.3.rel1.win32_1.0.0.202411081344/tools/bin/../lib/gcc/arm-none-eabi/13.3.1/thumb/v7-m/nofp/crti.o
 .ARM.attributes
                0x0000001d       0x2d D:/ST/STM32CubeIDE_1.18.0/STM32CubeIDE/plugins/com.st.stm32cube.ide.mcu.externaltools.gnu-tools-for-stm32.13.3.rel1.win32_1.0.0.202411081344/tools/bin/../lib/gcc/arm-none-eabi/13.3.1/thumb/v7-m/nofp/crtbegin.o
 .ARM.attributes
                0x0000004a       0x2d ./Core/Src/main.o
 .ARM.attributes
                0x00000077       0x2d ./Core/Src/stm32l1xx_it.o
 .ARM.attributes
                0x000000a4       0x2d ./Core/Src/system_stm32l1xx.o
 .ARM.attributes
                0x000000d1       0x21 ./Core/Startup/startup_stm32l152retx.o
 .ARM.attributes
                0x000000f2       0x2d ./Drivers/STM32L1xx_HAL_Driver/Src/stm32l1xx_ll_exti.o
 .ARM.attributes
                0x0000011f       0x2d ./Drivers/STM32L1xx_HAL_Driver/Src/stm32l1xx_ll_gpio.o
 .ARM.attributes
                0x0000014c       0x2d ./Drivers/STM32L1xx_HAL_Driver/Src/stm32l1xx_ll_rcc.o
 .ARM.attributes
                0x00000179       0x2d ./Drivers/STM32L1xx_HAL_Driver/Src/stm32l1xx_ll_usart.o
 .ARM.attributes
                0x000001a6       0x2d ./Drivers/STM32L1xx_HAL_Driver/Src/stm32l1xx_ll_utils.o
 .ARM.attributes
                0x000001d3       0x2d D:/ST/STM32CubeIDE_1.18.0/STM32CubeIDE/plugins/com.st.stm32cube.ide.mcu.externaltools.gnu-tools-for-stm32.13.3.rel1.win32_1.0.0.202411081344/tools/bin/../lib/gcc/arm-none-eabi/13.3.1/../../../../arm-none-eabi/lib/thumb/v7-m/nofp\libc_nano.a(libc_a-init.o)
 .ARM.attributes
                0x00000200       0x1d D:/ST/STM32CubeIDE_1.18.0/STM32CubeIDE/plugins/com.st.stm32cube.ide.mcu.externaltools.gnu-tools-for-stm32.13.3.rel1.win32_1.0.0.202411081344/tools/bin/../lib/gcc/arm-none-eabi/13.3.1/thumb/v7-m/nofp/crtn.o
OUTPUT(test.elf elf32-littlearm)
LOAD linker stubs
LOAD D:/ST/STM32CubeIDE_1.18.0/STM32CubeIDE/plugins/com.st.stm32cube.ide.mcu.externaltools.gnu-tools-for-stm32.13.3.rel1.win32_1.0.0.202411081344/tools/bin/../lib/gcc/arm-none-eabi/13.3.1/../../../../arm-none-eabi/lib/thumb/v7-m/nofp\libc.a
LOAD D:/ST/STM32CubeIDE_1.18.0/STM32CubeIDE/plugins/com.st.stm32cube.ide.mcu.externaltools.gnu-tools-for-stm32.13.3.rel1.win32_1.0.0.202411081344/tools/bin/../lib/gcc/arm-none-eabi/13.3.1/../../../../arm-none-eabi/lib/thumb/v7-m/nofp\libm.a
LOAD D:/ST/STM32CubeIDE_1.18.0/STM32CubeIDE/plugins/com.st.stm32cube.ide.mcu.externaltools.gnu-tools-for-stm32.13.3.rel1.win32_1.0.0.202411081344/tools/bin/../lib/gcc/arm-none-eabi/13.3.1/thumb/v7-m/nofp\libgcc.a

.debug_info     0x00000000     0x3035
 .debug_info    0x00000000      0xf03 ./Core/Src/main.o
 .debug_info    0x00000f03      0x145 ./Core/Src/stm32l1xx_it.o
 .debug_info    0x00001048      0x275 ./Core/Src/system_stm32l1xx.o
 .debug_info    0x000012bd       0x30 ./Core/Startup/startup_stm32l152retx.o
 .debug_info    0x000012ed      0x330 ./Drivers/STM32L1xx_HAL_Driver/Src/stm32l1xx_ll_exti.o
 .debug_info    0x0000161d      0x6ee ./Drivers/STM32L1xx_HAL_Driver/Src/stm32l1xx_ll_gpio.o
 .debug_info    0x00001d0b      0x4ce ./Drivers/STM32L1xx_HAL_Driver/Src/stm32l1xx_ll_rcc.o
 .debug_info    0x000021d9      0x602 ./Drivers/STM32L1xx_HAL_Driver/Src/stm32l1xx_ll_usart.o
 .debug_info    0x000027db      0x85a ./Drivers/STM32L1xx_HAL_Driver/Src/stm32l1xx_ll_utils.o

.debug_abbrev   0x00000000      0xed8
 .debug_abbrev  0x00000000      0x340 ./Core/Src/main.o
 .debug_abbrev  0x00000340       0x80 ./Core/Src/stm32l1xx_it.o
 .debug_abbrev  0x000003c0      0x11c ./Core/Src/system_stm32l1xx.o
 .debug_abbrev  0x000004dc       0x24 ./Core/Startup/startup_stm32l152retx.o
 .debug_abbrev  0x00000500      0x18a ./Drivers/STM32L1xx_HAL_Driver/Src/stm32l1xx_ll_exti.o
 .debug_abbrev  0x0000068a      0x21f ./Drivers/STM32L1xx_HAL_Driver/Src/stm32l1xx_ll_gpio.o
 .debug_abbrev  0x000008a9      0x205 ./Drivers/STM32L1xx_HAL_Driver/Src/stm32l1xx_ll_rcc.o
 .debug_abbrev  0x00000aae      0x1c7 ./Drivers/STM32L1xx_HAL_Driver/Src/stm32l1xx_ll_usart.o
 .debug_abbrev  0x00000c75      0x263 ./Drivers/STM32L1xx_HAL_Driver/Src/stm32l1xx_ll_utils.o

.debug_aranges  0x00000000      0x500
 .debug_aranges
                0x00000000      0x120 ./Core/Src/main.o
 .debug_aranges
                0x00000120       0x60 ./Core/Src/stm32l1xx_it.o
 .debug_aranges
                0x00000180       0x28 ./Core/Src/system_stm32l1xx.o
 .debug_aranges
                0x000001a8       0x28 ./Core/Startup/startup_stm32l152retx.o
 .debug_aranges
                0x000001d0       0x70 ./Drivers/STM32L1xx_HAL_Driver/Src/stm32l1xx_ll_exti.o
 .debug_aranges
                0x00000240       0x70 ./Drivers/STM32L1xx_HAL_Driver/Src/stm32l1xx_ll_gpio.o
 .debug_aranges
                0x000002b0       0xd0 ./Drivers/STM32L1xx_HAL_Driver/Src/stm32l1xx_ll_rcc.o
 .debug_aranges
                0x00000380       0x88 ./Drivers/STM32L1xx_HAL_Driver/Src/stm32l1xx_ll_usart.o
 .debug_aranges
                0x00000408       0xf8 ./Drivers/STM32L1xx_HAL_Driver/Src/stm32l1xx_ll_utils.o

.debug_rnglists
                0x00000000      0x3a1
 .debug_rnglists
                0x00000000       0xd6 ./Core/Src/main.o
 .debug_rnglists
                0x000000d6       0x43 ./Core/Src/stm32l1xx_it.o
 .debug_rnglists
                0x00000119       0x1a ./Core/Src/system_stm32l1xx.o
 .debug_rnglists
                0x00000133       0x19 ./Core/Startup/startup_stm32l152retx.o
 .debug_rnglists
                0x0000014c       0x50 ./Drivers/STM32L1xx_HAL_Driver/Src/stm32l1xx_ll_exti.o
 .debug_rnglists
                0x0000019c       0x51 ./Drivers/STM32L1xx_HAL_Driver/Src/stm32l1xx_ll_gpio.o
 .debug_rnglists
                0x000001ed       0x99 ./Drivers/STM32L1xx_HAL_Driver/Src/stm32l1xx_ll_rcc.o
 .debug_rnglists
                0x00000286       0x64 ./Drivers/STM32L1xx_HAL_Driver/Src/stm32l1xx_ll_usart.o
 .debug_rnglists
                0x000002ea       0xb7 ./Drivers/STM32L1xx_HAL_Driver/Src/stm32l1xx_ll_utils.o

.debug_macro    0x00000000     0xf9f6
 .debug_macro   0x00000000      0x13c ./Core/Src/main.o
 .debug_macro   0x0000013c      0xb0e ./Core/Src/main.o
 .debug_macro   0x00000c4a       0x2e ./Core/Src/main.o
 .debug_macro   0x00000c78       0x22 ./Core/Src/main.o
 .debug_macro   0x00000c9a       0x22 ./Core/Src/main.o
 .debug_macro   0x00000cbc       0x8e ./Core/Src/main.o
 .debug_macro   0x00000d4a       0x51 ./Core/Src/main.o
 .debug_macro   0x00000d9b      0x103 ./Core/Src/main.o
 .debug_macro   0x00000e9e       0x6a ./Core/Src/main.o
 .debug_macro   0x00000f08      0x1df ./Core/Src/main.o
 .debug_macro   0x000010e7       0x1c ./Core/Src/main.o
 .debug_macro   0x00001103       0x22 ./Core/Src/main.o
 .debug_macro   0x00001125       0xbd ./Core/Src/main.o
 .debug_macro   0x000011e2      0xe49 ./Core/Src/main.o
 .debug_macro   0x0000202b      0x11f ./Core/Src/main.o
 .debug_macro   0x0000214a     0xb7a1 ./Core/Src/main.o
 .debug_macro   0x0000d8eb       0x6d ./Core/Src/main.o
 .debug_macro   0x0000d958      0x2ed ./Core/Src/main.o
 .debug_macro   0x0000dc45      0x122 ./Core/Src/main.o
 .debug_macro   0x0000dd67      0x485 ./Core/Src/main.o
 .debug_macro   0x0000e1ec       0xee ./Core/Src/main.o
 .debug_macro   0x0000e2da      0x1a6 ./Core/Src/main.o
 .debug_macro   0x0000e480       0x2a ./Core/Src/main.o
 .debug_macro   0x0000e4aa       0xd5 ./Core/Src/main.o
 .debug_macro   0x0000e57f      0x287 ./Core/Src/main.o
 .debug_macro   0x0000e806      0x1bb ./Core/Src/main.o
 .debug_macro   0x0000e9c1      0x149 ./Core/Src/main.o
 .debug_macro   0x0000eb0a       0x76 ./Core/Src/main.o
 .debug_macro   0x0000eb80      0x146 ./Core/Src/stm32l1xx_it.o
 .debug_macro   0x0000ecc6       0xcd ./Core/Src/system_stm32l1xx.o
 .debug_macro   0x0000ed93       0xf4 ./Drivers/STM32L1xx_HAL_Driver/Src/stm32l1xx_ll_exti.o
 .debug_macro   0x0000ee87       0xe8 ./Drivers/STM32L1xx_HAL_Driver/Src/stm32l1xx_ll_exti.o
 .debug_macro   0x0000ef6f      0x10f ./Drivers/STM32L1xx_HAL_Driver/Src/stm32l1xx_ll_gpio.o
 .debug_macro   0x0000f07e      0x143 ./Drivers/STM32L1xx_HAL_Driver/Src/stm32l1xx_ll_gpio.o
 .debug_macro   0x0000f1c1       0xdc ./Drivers/STM32L1xx_HAL_Driver/Src/stm32l1xx_ll_rcc.o
 .debug_macro   0x0000f29d      0x13c ./Drivers/STM32L1xx_HAL_Driver/Src/stm32l1xx_ll_usart.o
 .debug_macro   0x0000f3d9      0x1b5 ./Drivers/STM32L1xx_HAL_Driver/Src/stm32l1xx_ll_usart.o
 .debug_macro   0x0000f58e      0x2f3 ./Drivers/STM32L1xx_HAL_Driver/Src/stm32l1xx_ll_usart.o
 .debug_macro   0x0000f881      0x175 ./Drivers/STM32L1xx_HAL_Driver/Src/stm32l1xx_ll_utils.o

.debug_line     0x00000000     0x4118
 .debug_line    0x00000000      0xb87 ./Core/Src/main.o
 .debug_line    0x00000b87      0x6b2 ./Core/Src/stm32l1xx_it.o
 .debug_line    0x00001239      0x591 ./Core/Src/system_stm32l1xx.o
 .debug_line    0x000017ca       0x79 ./Core/Startup/startup_stm32l152retx.o
 .debug_line    0x00001843      0x68d ./Drivers/STM32L1xx_HAL_Driver/Src/stm32l1xx_ll_exti.o
 .debug_line    0x00001ed0      0x86e ./Drivers/STM32L1xx_HAL_Driver/Src/stm32l1xx_ll_gpio.o
 .debug_line    0x0000273e      0x888 ./Drivers/STM32L1xx_HAL_Driver/Src/stm32l1xx_ll_rcc.o
 .debug_line    0x00002fc6      0x77a ./Drivers/STM32L1xx_HAL_Driver/Src/stm32l1xx_ll_usart.o
 .debug_line    0x00003740      0x9d8 ./Drivers/STM32L1xx_HAL_Driver/Src/stm32l1xx_ll_utils.o

.debug_str      0x00000000    0x55def
 .debug_str     0x00000000    0x55def ./Core/Src/main.o
                              0x53d9e (size before relaxing)
 .debug_str     0x00055def    0x5379d ./Core/Src/stm32l1xx_it.o
 .debug_str     0x00055def    0x4c04b ./Core/Src/system_stm32l1xx.o
 .debug_str     0x00055def       0x6e ./Core/Startup/startup_stm32l152retx.o
 .debug_str     0x00055def    0x4c7d2 ./Drivers/STM32L1xx_HAL_Driver/Src/stm32l1xx_ll_exti.o
 .debug_str     0x00055def    0x4d613 ./Drivers/STM32L1xx_HAL_Driver/Src/stm32l1xx_ll_gpio.o
 .debug_str     0x00055def    0x4d549 ./Drivers/STM32L1xx_HAL_Driver/Src/stm32l1xx_ll_rcc.o
 .debug_str     0x00055def    0x4f140 ./Drivers/STM32L1xx_HAL_Driver/Src/stm32l1xx_ll_usart.o
 .debug_str     0x00055def    0x5007d ./Drivers/STM32L1xx_HAL_Driver/Src/stm32l1xx_ll_utils.o

.comment        0x00000000       0x43
 .comment       0x00000000       0x43 ./Core/Src/main.o
                                 0x44 (size before relaxing)
 .comment       0x00000043       0x44 ./Core/Src/stm32l1xx_it.o
 .comment       0x00000043       0x44 ./Core/Src/system_stm32l1xx.o
 .comment       0x00000043       0x44 ./Drivers/STM32L1xx_HAL_Driver/Src/stm32l1xx_ll_exti.o
 .comment       0x00000043       0x44 ./Drivers/STM32L1xx_HAL_Driver/Src/stm32l1xx_ll_gpio.o
 .comment       0x00000043       0x44 ./Drivers/STM32L1xx_HAL_Driver/Src/stm32l1xx_ll_rcc.o
 .comment       0x00000043       0x44 ./Drivers/STM32L1xx_HAL_Driver/Src/stm32l1xx_ll_usart.o
 .comment       0x00000043       0x44 ./Drivers/STM32L1xx_HAL_Driver/Src/stm32l1xx_ll_utils.o

.debug_frame    0x00000000     0x132c
 .debug_frame   0x00000000      0x4d0 ./Core/Src/main.o
 .debug_frame   0x000004d0      0x108 ./Core/Src/stm32l1xx_it.o
 .debug_frame   0x000005d8       0x58 ./Core/Src/system_stm32l1xx.o
 .debug_frame   0x00000630      0x1bc ./Drivers/STM32L1xx_HAL_Driver/Src/stm32l1xx_ll_exti.o
 .debug_frame   0x000007ec      0x1c0 ./Drivers/STM32L1xx_HAL_Driver/Src/stm32l1xx_ll_gpio.o
 .debug_frame   0x000009ac      0x328 ./Drivers/STM32L1xx_HAL_Driver/Src/stm32l1xx_ll_rcc.o
 .debug_frame   0x00000cd4      0x234 ./Drivers/STM32L1xx_HAL_Driver/Src/stm32l1xx_ll_usart.o
 .debug_frame   0x00000f08      0x3f8 ./Drivers/STM32L1xx_HAL_Driver/Src/stm32l1xx_ll_utils.o
 .debug_frame   0x00001300       0x2c D:/ST/STM32CubeIDE_1.18.0/STM32CubeIDE/plugins/com.st.stm32cube.ide.mcu.externaltools.gnu-tools-for-stm32.13.3.rel1.win32_1.0.0.202411081344/tools/bin/../lib/gcc/arm-none-eabi/13.3.1/../../../../arm-none-eabi/lib/thumb/v7-m/nofp\libc_nano.a(libc_a-init.o)

.debug_line_str
                0x00000000       0x52
 .debug_line_str
                0x00000000       0x52 ./Core/Startup/startup_stm32l152retx.o
